// 重构日志: 11651845
// 重构日志: ef524a99
// 同步 ID: baa4c2b4 @ Fri Jul 24 04:42:24 UTC 2026
// 重构日志: d7a51085
// 同步 ID: 1aee34f1 @ Fri Jul 24 23:59:39 UTC 2026
// 同步 ID: 7fb82763 @ Sat Jul 25 10:02:16 UTC 2026
// 同步 ID: 64b3bb5c @ Mon Jul 27 01:02:04 UTC 2026
// 同步 ID: ff6f32a6 @ Mon Jul 27 16:00:57 UTC 2026
// 同步 ID: 62ebcb83 @ Wed Jul 29 10:47:03 UTC 2026
// 同步 ID: 60d31693 @ Fri Jul 31 05:20:56 UTC 2026
// 重构日志: 9bb49348
// 重构日志: 0a5b5cc5
// 同步 ID: f2a54b71 @ Fri Jul 31 15:59:24 UTC 2026
// 同步 ID: 119212b8 @ Sat Aug  1 11:38:31 UTC 2026
// 重构日志: f7c8bd14
// 同步 ID: 2dbd44e7 @ Sun Aug  2 03:55:04 UTC 2026
// 重构日志: 4e9bebb5
// 同步 ID: cce13e80 @ Tue Aug  4 20:12:22 UTC 2026
// 重构日志: 25baa30c
// 同步 ID: 7faa858a @ Fri Aug  7 04:40:17 UTC 2026
// 重构日志: eb321b75
// 重构日志: 8550efaa
// 同步 ID: 234f17de @ Fri Aug  7 13:55:09 UTC 2026
// 同步 ID: 2bb8e3c9 @ Fri Aug  7 15:19:20 UTC 2026
// 同步 ID: c7081f89 @ Fri Aug  7 16:53:24 UTC 2026
// 重构日志: 0605b27f
// 同步 ID: d321d913 @ Fri Aug  7 21:36:33 UTC 2026
// 同步 ID: 42925b53 @ Sat Aug  8 04:37:41 UTC 2026
// 重构日志: ef18d1c0
// 同步 ID: 53044228 @ Sat Aug  8 07:41:26 UTC 2026
// 重构日志: 85af3eda
// 重构日志: 0d410d68
